OpenJDK 64-Bit Server VM (24.91-b01) for linux-amd64 JRE (1.7.0_91-b02), built on Nov 19 2015 06:14:37 by "buildd" with gcc 4.8.2
Memory: 4k page, physical 2036192k(1565416k free), swap 2094076k(1650084k free)
CommandLine flags: -XX:+CMSIncrementalMode -XX:InitialHeapSize=32579072 -XX:MaxHeapSize=697932184 -XX:MaxNewSize=87244800 -XX:MaxTenuringThreshold=6 -XX:OldPLABSize=16 -XX:+PrintGC -XX:+PrintGCTimeStamps -XX:+UseCompressedOops -XX:+UseConcMarkSweepGC -XX:-UseParNewGC 
0.218: [GC 8576K->9664K(30848K), 0.0318460 secs]
0.258: [GC 13545K(30848K), 0.0059880 secs]
0.280: [GC 18240K->19277K(30848K), 0.0422210 secs]
0.349: [GC 27853K->29157K(37760K), 0.0573960 secs]
0.430: [GC 37733K->39060K(47744K), 0.0615760 secs]
0.514: [GC 47636K->48862K(57536K), 0.0488560 secs]
0.586: [GC 57438K->58875K(67520K), 0.0459090 secs]
0.655: [GC 67418K->68754K(77504K), 0.0438380 secs]
0.719: [GC 77330K->78709K(87296K), 0.0459770 secs]
0.794: [GC 87285K->88669K(97280K), 0.0458060 secs]
0.862: [GC 97245K->98590K(107264K), 0.0419720 secs]
0.927: [GC 107166K->108554K(117248K), 0.0442470 secs]
0.993: [GC 117130K->118427K(127040K), 0.0445660 secs]
1.058: [GC 126967K->128306K(137024K), 0.0887110 secs]
1.205: [GC 136882K->138258K(147008K), 0.0862030 secs]
1.353: [GC 146834K->148205K(156800K), 0.0780170 secs]
1.492: [GC 156781K->158125K(166784K), 0.0792230 secs]
1.644: [GC 166701K->168042K(176768K), 0.0800300 secs]
1.791: [GC 176618K->177975K(186560K), 0.0871670 secs]
1.968: [GC 186551K->187861K(196544K), 0.1126190 secs]
2.171: [GC 196437K->197795K(206528K), 0.1040030 secs]
2.326: [GC 206371K->207745K(216512K), 0.1073810 secs]
2.475: [GC 216321K->217688K(226304K), 0.1027910 secs]
2.626: [GC 226264K->227597K(236288K), 0.1004530 secs]
2.770: [GC 236173K->237550K(246272K), 0.1040290 secs]
2.921: [GC 246126K->247411K(256064K), 0.1075020 secs]
3.074: [GC 255987K->257348K(266048K), 0.1024940 secs]
3.217: [GC 265924K->267299K(276032K), 0.1013050 secs]
3.384: [GC 275875K->277244K(285824K), 0.1004710 secs]
3.535: [GC 285820K->287164K(295808K), 0.1312130 secs]
3.715: [GC 295740K->297083K(305792K), 0.0979550 secs]
3.854: [GC 305659K->306980K(315584K), 0.1008130 secs]
4.002: [GC 315556K->316971K(325568K), 0.1046800 secs]
4.150: [GC 325547K->326527K(335168K), 0.0853020 secs]
4.271: [GC 335103K->339687K(348416K), 0.1218420 secs]
4.421: [GC 348263K->349661K(358400K), 0.0912930 secs]
4.552: [GC 358237K->359568K(368192K), 0.0926250 secs]
4.675: [GC 368144K->369462K(378176K), 0.0972700 secs]
4.796: [GC 378038K->379458K(388160K), 0.0873690 secs]
4.928: [GC 388034K->389375K(398144K), 0.0874360 secs]
5.051: [GC 397951K->399333K(407936K), 0.1067300 secs]
5.201: [GC 407909K->409243K(417920K), 0.0989800 secs]
5.347: [GC 417819K->419196K(427904K), 0.1209640 secs]
5.493: [GC 427772K->429129K(437888K), 0.0953770 secs]
5.644: [GC 437705K->439081K(447680K), 0.0806110 secs]
5.756: [GC 447657K->448980K(457664K), 0.1035680 secs]
5.881: [GC 457556K->458751K(467456K), 0.0775110 secs]
6.001: [GC 467327K->468781K(477440K), 0.0985460 secs]
6.131: [GC 477357K->478804K(487424K), 0.0966650 secs]
6.273: [GC 487380K->488759K(497408K), 0.0871210 secs]
6.408: [GC 497335K->498655K(507392K), 0.0880470 secs]
6.521: [GC 507231K->508606K(517376K), 0.0816340 secs]
6.642: [GC 517182K->518556K(527168K), 0.1004940 secs]
6.776: [GC 527132K->528474K(537152K), 0.0960610 secs]
6.929: [GC 537050K->538432K(547136K), 0.0959690 secs]
7.083: [GC 547008K->548325K(556928K), 0.1199460 secs]
7.236: [GC 556901K->558054K(566720K), 0.0736160 secs]
7.348: [GC 566630K->568166K(576896K), 0.0919280 secs]
7.475: [GC 576742K->578146K(586880K), 0.1015490 secs]
7.608: [GC 586722K->588066K(596672K), 0.0807090 secs]
7.731: [GC, 0.1197860 secs]
9.549: [Full GC 606393K->46290K(606400K), 0.8497180 secs]
10.561: [GC 77829K(673472K), 0.0974200 secs]
10.879: [GC 114450K->135202K(673472K), 0.5489720 secs]
11.682: [GC 203362K->227030K(673472K), 0.6564870 secs]
12.649: [GC 295190K->303685K(673472K), 0.5386790 secs]
13.456: [GC 371845K->385110K(673472K), 0.6752500 secs]
14.352: [GC 453270K->463911K(673472K), 0.5136100 secs]
15.070: [GC 532071K->542770K(673472K), 0.5015000 secs]
17.618: [Full GC 610930K->49854K(673472K), 0.7622380 secs]
18.473: [GC 81225K(673472K), 0.0861030 secs]
18.699: [GC 118014K->139135K(673472K), 0.6029680 secs]
19.574: [GC 207295K->230674K(673472K), 0.6288940 secs]
20.455: [GC 298834K->306236K(673472K), 0.5838480 secs]
21.355: [GC 374396K->388445K(673472K), 0.6494330 secs]
22.271: [GC 456605K->467295K(673472K), 0.6514190 secs]
23.185: [GC 535455K->544502K(673472K), 0.5648930 secs]
25.735: [Full GC 612662K->52458K(673472K), 0.8340540 secs]
26.692: [GC 83842K(673472K), 0.0792150 secs]
26.930: [GC 120618K->142326K(673472K), 0.5531500 secs]
27.796: [GC 210486K->231699K(673472K), 0.6354410 secs]
28.721: [GC 299859K->307401K(673472K), 0.5488540 secs]
29.544: [GC 375561K->389789K(673472K), 0.7110480 secs]
30.677: [GC 457949K->468805K(673472K), 0.6122630 secs]
31.804: [GC 536965K->546407K(673472K), 0.5871550 secs]
34.496: [Full GC 614567K->54689K(673472K), 0.8271410 secs]
35.413: [GC 86079K(673472K), 0.0906610 secs]
35.655: [GC 122849K->145007K(673472K), 0.6169910 secs]
36.532: [GC 213167K->235375K(673472K), 0.6420340 secs]
37.459: [GC 303535K->310303K(673472K), 0.6130300 secs]
38.351: [GC 378463K->392261K(673472K), 0.6601890 secs]
39.358: [GC 460421K->471073K(673472K), 0.6581650 secs]
40.306: [GC 539233K->549373K(673472K), 0.5846700 secs]
43.060: [Full GC 617533K->56575K(673472K), 0.8296840 secs]
44.030: [GC 87977K(673472K), 0.0952120 secs]
44.300: [GC 124735K->147291K(673472K), 0.6207260 secs]
45.288: [GC 215451K->237122K(673472K), 0.7209370 secs]
46.389: [GC 305282K->313049K(673472K), 0.5980260 secs]
47.375: [GC 381209K->394742K(673472K), 0.6672660 secs]
48.448: [GC 462902K->473516K(673472K), 0.6228910 secs]
49.455: [GC 541676K->552285K(673472K), 0.6907810 secs]
52.346: [Full GC 620445K->57947K(673472K), 0.8234220 secs]
53.341: [GC 89418K(673472K), 0.1035210 secs]
53.706: [GC 126107K->148455K(673472K), 0.5649900 secs]
54.420: [GC 216615K->236172K(673472K), 0.5967660 secs]
