OpenJDK 64-Bit Server VM (24.91-b01) for linux-amd64 JRE (1.7.0_91-b02), built on Nov 19 2015 06:14:37 by "buildd" with gcc 4.8.2
Memory: 4k page, physical 2036192k(1565168k free), swap 2094076k(1650084k free)
CommandLine flags: -XX:InitialHeapSize=32579072 -XX:MaxHeapSize=697932184 -XX:+PrintGC -XX:+PrintGCTimeStamps -XX:+UseCompressedOops 
0.224: [GC 8576K->7005K(30848K), 0.0166860 secs]
0.266: [GC 15581K->13906K(30848K), 0.0151990 secs]
0.304: [GC 22482K->20978K(30848K), 0.0191910 secs]
0.340: [GC 29554K->28061K(36800K), 0.0238950 secs]
0.364: [Full GC 28061K->28061K(36800K), 0.0619940 secs]
0.502: [GC 45423K->42448K(65788K), 0.1331540 secs]
0.761: [GC 60688K->57562K(75964K), 0.0829780 secs]
0.844: [Full GC 57562K->57562K(75964K), 0.2790320 secs]
1.362: [GC 92519K->86562K(134104K), 0.2107510 secs]
1.837: [GC 123618K->117260K(154456K), 0.1679980 secs]
2.005: [Full GC 117260K->117260K(154456K), 0.5748090 secs]
3.094: [GC 188085K->175891K(272604K), 0.4519570 secs]
4.027: [GC 251219K->238333K(313692K), 0.3252440 secs]
4.353: [Full GC 238333K->41962K(313692K), 0.4276310 secs]
5.050: [GC 117290K->104391K(272604K), 0.3328950 secs]
5.654: [GC 179719K->166680K(272604K), 0.3018920 secs]
6.228: [GC 242008K->229118K(304476K), 0.3026180 secs]
6.530: [Full GC 229118K->32805K(304476K), 0.3811350 secs]
7.199: [GC 108133K->94561K(272604K), 0.2668480 secs]
7.735: [GC 169889K->157017K(272604K), 0.2986780 secs]
8.287: [GC 232345K->219017K(294492K), 0.2861240 secs]
8.573: [Full GC 219017K->22693K(294492K), 0.3270980 secs]
9.187: [GC 85221K->74544K(226488K), 0.2267710 secs]
9.636: [GC 137072K->126393K(226488K), 0.2501750 secs]
10.105: [GC 188921K->178254K(240888K), 0.2614610 secs]
10.367: [Full GC 178254K->178254K(240888K), 0.9082950 secs]
11.685: [GC 284271K->266033K(412176K), 0.6110240 secs]
12.740: [GC 379761K->360208K(474000K), 0.5018100 secs]
13.242: [Full GC 360208K->163885K(474000K), 1.1192810 secs]
14.842: [GC 277613K->258166K(412176K), 0.4015850 secs]
15.740: [GC 371894K->352456K(466320K), 0.4736680 secs]
16.214: [Full GC 352456K->156145K(466320K), 1.1085400 secs]
17.732: [GC 269873K->250308K(412176K), 0.3878740 secs]
18.538: [GC 364036K->344484K(458256K), 0.5976420 secs]
19.136: [Full GC 344484K->148182K(458256K), 1.2238010 secs]
21.040: [GC 261910K->242375K(412176K), 0.3849120 secs]
22.182: [GC 356103K->336527K(450384K), 0.5476210 secs]
22.730: [Full GC 336527K->140215K(450384K), 0.8526770 secs]
23.994: [GC 253943K->234387K(412176K), 0.4275250 secs]
24.905: [GC 348115K->328547K(442320K), 0.4492610 secs]
25.354: [Full GC 328547K->132246K(442320K), 0.9835210 secs]
26.801: [GC 245974K->226402K(412176K), 0.4228850 secs]
27.720: [GC 340130K->319702K(433488K), 0.5075270 secs]
28.227: [Full GC 319702K->123397K(433488K), 0.8964740 secs]
29.689: [GC 237125K->217529K(412176K), 0.4228700 secs]
30.670: [GC 331257K->311656K(425424K), 0.4526090 secs]
31.122: [Full GC 311656K->115352K(425424K), 0.8785290 secs]
32.556: [GC 229080K->208596K(412176K), 0.3812140 secs]
33.572: [GC 322324K->302640K(416400K), 0.4490720 secs]
34.021: [Full GC 302640K->106335K(416400K), 0.8073180 secs]
35.481: [GC 220063K->200052K(412176K), 0.3984090 secs]
36.432: [GC 313780K->292054K(412176K), 0.4999600 secs]
37.038: [GC 405782K->386399K(500304K), 0.4753070 secs]
37.513: [Full GC 386399K->190088K(500304K), 1.3011130 secs]
